// Jest Snapshot v1, https://goo.gl/fbAQLP

exports[`EquipmentCollectionReducer undefined action and state should return the default state 1`] = `
Object {
  "entities": Object {},
  "ids": Array [],
}
`;
